Microchip MPLAB XC8 Compiler V2.32

Linker command line:

-W-3 --edf=C:\Program Files\Microchip\xc8\v2.32\pic\dat\en_msgs.txt -cn \
  -h+dist/default/production\final.X.production.sym \
  --cmf=dist/default/production\final.X.production.cmf -z -Q18F4520 \
  -oC:\Users\Lucas\AppData\Local\Temp\xcAs2qc.5 --defsym=__MPLAB_BUILD=1 \
  -Mdist/default/production/final.X.production.map -E1 -ver=XC8 Compiler \
  --acfsm=1493 -ASTACK=0B4h-05FFh -pstack=STACK -ACODE=00h-07FFFh \
  -ACONST=00h-07FFFh -ASMALLCONST=0600h-06FFhx122 \
  -AMEDIUMCONST=0600h-07FFFh -ACOMRAM=01h-07Fh -AABS1=00h-05FFh \
  -ABIGRAM=01h-05FFh -ARAM=080h-0FFh,0100h-01FFhx5 -ABANK0=080h-0FFh \
  -ABANK1=0100h-01FFh -ABANK2=0200h-02FFh -ABANK3=0300h-03FFh \
  -ABANK4=0400h-04FFh -ABANK5=0500h-05FFh -ASFR=0F80h-0FFFh \
  -ACONFIG=0300000h-030000Dh -AIDLOC=0200000h-0200007h \
  -AEEDATA=0F00000h-0F000FFh -peeprom_data=EEDATA \
  -preset_vec=00h,intcode,intcodelo,powerup,init -pramtop=0600h \
  -psmallconst=SMALLCONST -pmediumconst=MEDIUMCONST -pconst=CONST \
  -AFARRAM=00h-00h \
  -prdata=COMRAM,nvrram=COMRAM,nvbit=COMRAM,rbss=COMRAM,rbit=COMRAM \
  -pfarbss=FARRAM,fardata=FARRAM,nvFARRAM=FARRAM \
  -pintsave_regs=BIGRAM,bigbss=BIGRAM,bigdata=BIGRAM -pbss=RAM \
  -pidata=CODE,irdata=CODE,ibigdata=CODE,ifardata=CODE -prparam=COMRAM \
  C:\Users\Lucas\AppData\Local\Temp\xcAs2qc.o \
  dist/default/production\final.X.production.o 

Object code version is 3.11

Machine type is 18F4520



                Name                               Link     Load   Length Selector   Space Scale
C:\Users\Lucas\AppData\Local\Temp\xcAs2qc.o
                idloc                            200000   200000        8        0       5
                config                           300000   300000        E        0       4
                init                                  0        0        4        0       0
dist/default/production\final.X.production.o
                idloc                            200000   200000        8        0       5
                config                           300000   300000        E        0       4
                smallconst                          600      600       B8      300       0
                text53                             2046     2046      24E      35C       0
                text52                             36E2     36E2       48      35C       0
                text51                             14AC     14AC      39A      35C       0
                text50                             1082     1082      42A      35C       0
                text49                              BC2      BC2      4C0      35C       0
                text48                             372A     372A       46      35C       0
                text47                             2B02     2B02      106      35C       0
                text46                             2294     2294      1B4      35C       0
                text45                             3644     3644       50      35C       0
                text44                             274E     274E      16A      35C       0
                text43                             1DF8     1DF8      24E      35C       0
                text42                             3962     3962       2A      35C       0
                text41                             3938     3938       2A      35C       0
                text40                             3694     3694       4E      35C       0
                text39                             28B8     28B8      13E      35C       0
                text38                             3182     3182       7A      35C       0
                text37                             3908     3908       30      35C       0
                text36                             3A62     3A62        2      35C       0
                text35                             3770     3770       42      35C       0
                text34                             34E6     34E6       5A      35C       0
                text33                             3A1C     3A1C       1E      35C       0
                text32                             2EAA     2EAA       C4      35C       0
                text31                             30D2     30D2       B0      35C       0
                text30                             39FE     39FE       1E      35C       0
                text29                             32E4     32E4       74      35C       0
                text28                             35EE     35EE       56      35C       0
                text27                              6B8      6B8      50A      35C       0
                text26                             3270     3270       74      35C       0
                text25                             382E     382E       3A      35C       0
                text24                             2DE2     2DE2       C8      35C       0
                text23                             2C08     2C08      104      35C       0
                text22                             3022     3022       B0      35C       0
                text21                             1846     1846      320      35C       0
                text20                             38A0     38A0       36      35C       0
                text19                             3428     3428       64      35C       0
                text18                             33C4     33C4       64      35C       0
                text17                             2D0C     2D0C       D6      35C       0
                text16                             37F0     37F0       3E      35C       0
                text15                             38D6     38D6       32      35C       0
                text14                             39D8     39D8       26      35C       0
                text13                             2F6E     2F6E       B4      35C       0
                text12                             29F6     29F6      10C      35C       0
                text11                             39B2     39B2       26      35C       0
                text10                             3A3A     3A3A       1A      35C       0
                text9                              37B2     37B2       3E      35C       0
                text8                              31FC     31FC       74      35C       0
                text7                              398C     398C       26      35C       0
                text6                              3358     3358       6C      35C       0
                text5                              3540     3540       58      35C       0
                text4                              25E2     25E2      16C      35C       0
                text3                              1B66     1B66      292      35C       0
                text2                              3598     3598       56      35C       0
                text1                              3868     3868       38      35C       0
                text0                              2448     2448      19A      35C       0
                cstackCOMRAM                          1        1       6F        1       1
                cstackBANK0                          80       80       1C       80       1
                dataBANK0                            A8       A8        C       80       1
                bssBANK0                             9C       9C        C       80       1
                dataCOMRAM                           7E       7E        2        1       1
                bssCOMRAM                            70       70        E        1       1
                cinit                              348C     348C       5A      35C       0
                idataBANK0                         3A54     3A54        C      35C       0
                idataCOMRAM                        3A60     3A60        2      35C       0

TOTAL           Name                               Link     Load   Length     Space
        CLASS   STACK          

        CLASS   CODE           
                init                                  0        0        4         0
                text53                             2046     2046      24E         0
                text52                             36E2     36E2       48         0
                text51                             14AC     14AC      39A         0
                text50                             1082     1082      42A         0
                text49                              BC2      BC2      4C0         0
                text48                             372A     372A       46         0
                text47                             2B02     2B02      106         0
                text46                             2294     2294      1B4         0
                text45                             3644     3644       50         0
                text44                             274E     274E      16A         0
                text43                             1DF8     1DF8      24E         0
                text42                             3962     3962       2A         0
                text41                             3938     3938       2A         0
                text40                             3694     3694       4E         0
                text39                             28B8     28B8      13E         0
                text38                             3182     3182       7A         0
                text37                             3908     3908       30         0
                text36                             3A62     3A62        2         0
                text35                             3770     3770       42         0
                text34                             34E6     34E6       5A         0
                text33                             3A1C     3A1C       1E         0
                text32                             2EAA     2EAA       C4         0
                text31                             30D2     30D2       B0         0
                text30                             39FE     39FE       1E         0
                text29                             32E4     32E4       74         0
                text28                             35EE     35EE       56         0
                text27                              6B8      6B8      50A         0
                text26                             3270     3270       74         0
                text25                             382E     382E       3A         0
                text24                             2DE2     2DE2       C8         0
                text23                             2C08     2C08      104         0
                text22                             3022     3022       B0         0
                text21                             1846     1846      320         0
                text20                             38A0     38A0       36         0
                text19                             3428     3428       64         0
                text18                             33C4     33C4       64         0
                text17                             2D0C     2D0C       D6         0
                text16                             37F0     37F0       3E         0
                text15                             38D6     38D6       32         0
                text14                             39D8     39D8       26         0
                text13                             2F6E     2F6E       B4         0
                text12                             29F6     29F6      10C         0
                text11                             39B2     39B2       26         0
                text10                             3A3A     3A3A       1A         0
                text9                              37B2     37B2       3E         0
                text8                              31FC     31FC       74         0
                text7                              398C     398C       26         0
                text6                              3358     3358       6C         0
                text5                              3540     3540       58         0
                text4                              25E2     25E2      16C         0
                text3                              1B66     1B66      292         0
                text2                              3598     3598       56         0
                text1                              3868     3868       38         0
                text0                              2448     2448      19A         0
                cinit                              348C     348C       5A         0
                idataBANK0                         3A54     3A54        C         0
                idataCOMRAM                        3A60     3A60        2         0

        CLASS   CONST          

        CLASS   SMALLCONST     
                smallconst                          600      600       B8         0

        CLASS   MEDIUMCONST    

        CLASS   COMRAM         
                cstackCOMRAM                          1        1       6F         1
                dataCOMRAM                           7E       7E        2         1
                bssCOMRAM                            70       70        E         1

        CLASS   ABS1           

        CLASS   BIGRAM         

        CLASS   RAM            

        CLASS   BANK0          
                cstackBANK0                          80       80       1C         1
                dataBANK0                            A8       A8        C         1
                bssBANK0                             9C       9C        C         1

        CLASS   BANK1          

        CLASS   BANK2          

        CLASS   BANK3          

        CLASS   BANK4          

        CLASS   BANK5          

        CLASS   SFR            

        CLASS   CONFIG         
                config                           300000   300000        E         4

        CLASS   IDLOC          
                idloc                            200000   200000        8         5

        CLASS   EEDATA         

        CLASS   FARRAM         



SEGMENTS        Name                           Load    Length   Top    Selector   Space  Class

                reset_vec                      000000  000004  000004         0       0  CODE    
                cstackCOMRAM                   000001  00007F  000080         1       1  COMRAM  
                cstackBANK0                    000080  000034  0000B4        80       1  BANK0   
                smallconst                     000600  0000B8  0006B8       300       0  SMALLCON
                text27                         0006B8  0033AC  003A64       35C       0  CODE    


UNUSED ADDRESS RANGES

        Name                Unused          Largest block    Delta
        BANK0            0000B4-0000FF               4C
        BANK1            000100-0001FF              100
        BANK2            000200-0002FF              100
        BANK3            000300-0003FF              100
        BANK4            000400-0004FF              100
        BANK5            000500-0005FF              100
        BIGRAM           0000B4-0005FF              54C
        CODE             000004-0005FF              5FC
                         003A64-007FFF             459C
        CONST            000004-0005FF              5FC
                         003A64-007FFF             459C
        EEDATA           F00000-F000FF              100
        MEDIUMCONST      003A64-007FFF             459C
        RAM              0000B4-0005FF              100
        SFR              000F80-000FFF               80
        SMALLCONST       003A64-007FFF              100
        STACK            0000B4-0005FF              54C

                                  Symbol Table

?___aldiv                cstackCOMRAM 000001
?___awdiv                cstackCOMRAM 000001
?___awmod                cstackCOMRAM 000009
?___fladd                cstackCOMRAM 000028
?___fldiv                cstackCOMRAM 00000F
?___flmul                cstackCOMRAM 000038
?___flsub                cstackCOMRAM 000051
?___fltol                cstackCOMRAM 000059
?___lwdiv                cstackCOMRAM 000001
?___wmul                 cstackCOMRAM 000001
?___xxtofl               cstackCOMRAM 000001
?_adcRead                cstackCOMRAM 000001
?_digitalRead            cstackCOMRAM 000001
_ADCON0                  (abs)        000FC2
_ADCON1                  (abs)        000FC1
_ADCON2                  (abs)        000FC0
_ADRESH                  (abs)        000FC4
_ADRESL                  (abs)        000FC3
_CCP2CON                 (abs)        000FBA
_CCPR2L                  (abs)        000FBB
_PORTA                   (abs)        000F80
_PORTB                   (abs)        000F81
_PORTC                   (abs)        000F82
_PORTD                   (abs)        000F83
_PORTE                   (abs)        000F84
_PR2                     (abs)        000FCB
_PulseClockData          text42       003962
_PulseEnClock            text41       003938
_T2CON                   (abs)        000FCA
_TRISA                   (abs)        000F92
_TRISB                   (abs)        000F93
_TRISC                   (abs)        000F94
_TRISD                   (abs)        000F95
_TRISE                   (abs)        000F96
__HRAM                   (abs)        000000
__Habs1                  abs1         000000
__Hbank0                 bank0        000000
__Hbank1                 bank1        000000
__Hbank2                 bank2        000000
__Hbank3                 bank3        000000
__Hbank4                 bank4        000000
__Hbank5                 bank5        000000
__Hbigbss                bigbss       000000
__Hbigdata               bigdata      000000
__Hbigram                bigram       000000
__Hbss                   bss          000000
__HbssBANK0              bssBANK0     000000
__HbssCOMRAM             bssCOMRAM    000000
__Hcinit                 cinit        000000
__Hclrtext               clrtext      000000
__Hcomram                comram       000000
__Hconfig                config       30000E
__Hconst                 const        000000
__HcstackBANK0           cstackBANK0  000000
__HcstackCOMRAM          cstackCOMRAM 000000
__Hdata                  data         000000
__HdataBANK0             dataBANK0    000000
__HdataCOMRAM            dataCOMRAM   000000
__Heeprom_data           eeprom_data  000000
__Hfarbss                farbss       000000
__Hfardata               fardata      000000
__Hibigdata              ibigdata     000000
__Hidata                 idata        000000
__HidataBANK0            idataBANK0   000000
__HidataCOMRAM           idataCOMRAM  000000
__Hidloc                 idloc        200008
__Hifardata              ifardata     000000
__Hinit                  init         000004
__Hintcode               intcode      000000
__Hintcode_body          intcode_body 000000
__Hintcodelo             intcodelo    000000
__Hintentry              intentry     000000
__Hintret                intret       000000
__Hintsave_regs          intsave_regs 000000
__Hirdata                irdata       000000
__Hmediumconst           mediumconst  000000
__HnvFARRAM              nvFARRAM     000000
__Hnvbit                 nvbit        000000
__Hnvrram                nvrram       000000
__Hparam                 rparam       000000
__Hpowerup               powerup      000000
__Hram                   ram          000000
__Hramtop                ramtop       000600
__Hrbit                  rbit         000000
__Hrbss                  rbss         000000
__Hrdata                 rdata        000000
__Hreset_vec             reset_vec    000000
__Hrparam                rparam       000000
__Hsfr                   sfr          000000
__Hsmallconst            smallconst   0006B8
__Hspace_0               (abs)        003A64
__Hspace_1               (abs)        0000B4
__Hspace_2               (abs)        000000
__Hspace_4               (abs)        60000E
__Hstack                 stack        000000
__Hstruct                struct       000000
__Htemp                  temp         000000
__Htext                  text         000000
__Htext0                 text0        000000
__Htext1                 text1        000000
__Htext10                text10       000000
__Htext11                text11       000000
__Htext12                text12       000000
__Htext13                text13       000000
__Htext14                text14       000000
__Htext15                text15       000000
__Htext16                text16       000000
__Htext17                text17       000000
__Htext18                text18       000000
__Htext19                text19       000000
__Htext2                 text2        000000
__Htext20                text20       000000
__Htext21                text21       000000
__Htext22                text22       000000
__Htext23                text23       000000
__Htext24                text24       000000
__Htext25                text25       000000
__Htext26                text26       000000
__Htext27                text27       000000
__Htext28                text28       000000
__Htext29                text29       000000
__Htext3                 text3        000000
__Htext30                text30       000000
__Htext31                text31       000000
__Htext32                text32       000000
__Htext33                text33       000000
__Htext34                text34       000000
__Htext35                text35       000000
__Htext36                text36       000000
__Htext37                text37       000000
__Htext38                text38       000000
__Htext39                text39       000000
__Htext4                 text4        000000
__Htext40                text40       000000
__Htext41                text41       000000
__Htext42                text42       000000
__Htext43                text43       000000
__Htext44                text44       000000
__Htext45                text45       000000
__Htext46                text46       000000
__Htext47                text47       000000
__Htext48                text48       000000
__Htext49                text49       000000
__Htext5                 text5        000000
__Htext50                text50       000000
__Htext51                text51       000000
__Htext52                text52       000000
__Htext53                text53       000000
__Htext6                 text6        000000
__Htext7                 text7        000000
__Htext8                 text8        000000
__Htext9                 text9        000000
__LRAM                   (abs)        000001
__Labs1                  abs1         000000
__Lbank0                 bank0        000000
__Lbank1                 bank1        000000
__Lbank2                 bank2        000000
__Lbank3                 bank3        000000
__Lbank4                 bank4        000000
__Lbank5                 bank5        000000
__Lbigbss                bigbss       000000
__Lbigdata               bigdata      000000
__Lbigram                bigram       000000
__Lbss                   bss          000000
__LbssBANK0              bssBANK0     000000
__LbssCOMRAM             bssCOMRAM    000000
__Lcinit                 cinit        000000
__Lclrtext               clrtext      000000
__Lcomram                comram       000000
__Lconfig                config       000000
__Lconst                 const        000000
__LcstackBANK0           cstackBANK0  000000
__LcstackCOMRAM          cstackCOMRAM 000000
__Ldata                  data         000000
__LdataBANK0             dataBANK0    000000
__LdataCOMRAM            dataCOMRAM   000000
__Leeprom_data           eeprom_data  000000
__Lfarbss                farbss       000000
__Lfardata               fardata      000000
__Libigdata              ibigdata     000000
__Lidata                 idata        000000
__LidataBANK0            idataBANK0   000000
__LidataCOMRAM           idataCOMRAM  000000
__Lidloc                 idloc        000000
__Lifardata              ifardata     000000
__Linit                  init         000000
__Lintcode               intcode      000000
__Lintcode_body          intcode_body 000000
__Lintcodelo             intcodelo    000000
__Lintentry              intentry     000000
__Lintret                intret       000000
__Lintsave_regs          intsave_regs 000000
__Lirdata                irdata       000000
__Lmediumconst           mediumconst  000000
__LnvFARRAM              nvFARRAM     000000
__Lnvbit                 nvbit        000000
__Lnvrram                nvrram       000000
__Lparam                 rparam       000000
__Lpowerup               powerup      000000
__Lram                   ram          000000
__Lramtop                ramtop       000600
__Lrbit                  rbit         000000
__Lrbss                  rbss         000000
__Lrdata                 rdata        000000
__Lreset_vec             reset_vec    000000
__Lrparam                rparam       000000
__Lsfr                   sfr          000000
__Lsmallconst            smallconst   000600
__Lspace_0               (abs)        000000
__Lspace_1               (abs)        000000
__Lspace_2               (abs)        000000
__Lspace_4               (abs)        000000
__Lstack                 stack        000000
__Lstruct                struct       000000
__Ltemp                  temp         000000
__Ltext                  text         000000
__Ltext0                 text0        000000
__Ltext1                 text1        000000
__Ltext10                text10       000000
__Ltext11                text11       000000
__Ltext12                text12       000000
__Ltext13                text13       000000
__Ltext14                text14       000000
__Ltext15                text15       000000
__Ltext16                text16       000000
__Ltext17                text17       000000
__Ltext18                text18       000000
__Ltext19                text19       000000
__Ltext2                 text2        000000
__Ltext20                text20       000000
__Ltext21                text21       000000
__Ltext22                text22       000000
__Ltext23                text23       000000
__Ltext24                text24       000000
__Ltext25                text25       000000
__Ltext26                text26       000000
__Ltext27                text27       000000
__Ltext28                text28       000000
__Ltext29                text29       000000
__Ltext3                 text3        000000
__Ltext30                text30       000000
__Ltext31                text31       000000
__Ltext32                text32       000000
__Ltext33                text33       000000
__Ltext34                text34       000000
__Ltext35                text35       000000
__Ltext36                text36       000000
__Ltext37                text37       000000
__Ltext38                text38       000000
__Ltext39                text39       000000
__Ltext4                 text4        000000
__Ltext40                text40       000000
__Ltext41                text41       000000
__Ltext42                text42       000000
__Ltext43                text43       000000
__Ltext44                text44       000000
__Ltext45                text45       000000
__Ltext46                text46       000000
__Ltext47                text47       000000
__Ltext48                text48       000000
__Ltext49                text49       000000
__Ltext5                 text5        000000
__Ltext50                text50       000000
__Ltext51                text51       000000
__Ltext52                text52       000000
__Ltext53                text53       000000
__Ltext6                 text6        000000
__Ltext7                 text7        000000
__Ltext8                 text8        000000
__Ltext9                 text9        000000
__S0                     (abs)        003A64
__S1                     (abs)        0000B4
__S2                     (abs)        000000
__S4                     (abs)        000000
__S5                     (abs)        000000
___aldiv                 text12       0029F6
___aldiv@counter         cstackCOMRAM 000009
___aldiv@dividend        cstackCOMRAM 000001
___aldiv@divisor         cstackCOMRAM 000005
___aldiv@quotient        cstackCOMRAM 00000B
___aldiv@sign            cstackCOMRAM 00000A
___awdiv                 text32       002EAA
___awdiv@counter         cstackCOMRAM 000005
___awdiv@dividend        cstackCOMRAM 000001
___awdiv@divisor         cstackCOMRAM 000003
___awdiv@quotient        cstackCOMRAM 000007
___awdiv@sign            cstackCOMRAM 000006
___awmod                 text31       0030D2
___awmod@counter         cstackCOMRAM 00000D
___awmod@dividend        cstackCOMRAM 000009
___awmod@divisor         cstackCOMRAM 00000B
___awmod@sign            cstackCOMRAM 00000E
___fladd                 text49       000BC2
___fladd@a               cstackCOMRAM 00002C
___fladd@aexp            cstackCOMRAM 000035
___fladd@b               cstackCOMRAM 000028
___fladd@bexp            cstackCOMRAM 000036
___fladd@grs             cstackCOMRAM 000037
___fladd@signs           cstackCOMRAM 000034
___fldiv                 text51       0014AC
___fldiv@a               cstackCOMRAM 000013
___fldiv@aexp            cstackCOMRAM 000027
___fldiv@b               cstackCOMRAM 00000F
___fldiv@bexp            cstackCOMRAM 000026
___fldiv@grs             cstackCOMRAM 000022
___fldiv@new_exp         cstackCOMRAM 000020
___fldiv@rem             cstackCOMRAM 00001B
___fldiv@sign            cstackCOMRAM 00001F
___flge                  text23       002C08
___flge@ff1              cstackCOMRAM 000051
___flge@ff2              cstackCOMRAM 000055
___flmul                 text50       001082
___flmul@a               cstackCOMRAM 00003C
___flmul@aexp            cstackCOMRAM 000049
___flmul@b               cstackCOMRAM 000038
___flmul@bexp            cstackCOMRAM 00004A
___flmul@grs             cstackCOMRAM 000045
___flmul@prod            cstackCOMRAM 00004B
___flmul@sign            cstackCOMRAM 000044
___flmul@temp            cstackCOMRAM 00004F
___flsub                 text48       00372A
___flsub@a               cstackCOMRAM 000055
___flsub@b               cstackCOMRAM 000051
___fltol                 text47       002B02
___fltol@exp1            cstackCOMRAM 000062
___fltol@f1              cstackCOMRAM 000059
___fltol@sign1           cstackCOMRAM 000061
___inthi_sp              stack        000000
___intlo_sp              stack        000000
___lwdiv                 text8        0031FC
___lwdiv@counter         cstackCOMRAM 000007
___lwdiv@dividend        cstackCOMRAM 000001
___lwdiv@divisor         cstackCOMRAM 000003
___lwdiv@quotient        cstackCOMRAM 000005
___param_bank            (abs)        000000
___rparam_used           (abs)        000001
___sp                    stack        000000
___wmul                  text7        00398C
___wmul@multiplicand     cstackCOMRAM 000003
___wmul@multiplier       cstackCOMRAM 000001
___wmul@product          cstackCOMRAM 000005
___xxtofl                text46       002294
___xxtofl@arg            cstackCOMRAM 00000B
___xxtofl@exp            cstackCOMRAM 00000A
___xxtofl@sign           cstackCOMRAM 000009
___xxtofl@val            cstackCOMRAM 000001
__accesstop              (abs)        000080
__activetblptr           (abs)        000002
__end_of_PulseClockData  text42       00398C
__end_of_PulseEnClock    text41       003962
__end_of___aldiv         text12       002B02
__end_of___awdiv         text32       002F6E
__end_of___awmod         text31       003182
__end_of___fladd         text49       001082
__end_of___fldiv         text51       001846
__end_of___flge          text23       002D0C
__end_of___flmul         text50       0014AC
__end_of___flsub         text48       003770
__end_of___fltol         text47       002C08
__end_of___lwdiv         text8        003270
__end_of___wmul          text7        0039B2
__end_of___xxtofl        text46       002448
__end_of__initialization cinit        0034DC
__end_of_adcInit         text52       00372A
__end_of_adcRead         text45       003694
__end_of_charKey         smallconst   00061B
__end_of_comandos        text27       000BC2
__end_of_configuraPSI    text24       002EAA
__end_of_delayMicro      text36       003A64
__end_of_delayMili       text37       003938
__end_of_digitalRead     text44       0028B8
__end_of_digitalWrite    text43       002046
__end_of_infoGeral       text20       0038D6
__end_of_infoIndividual  text21       001B66
__end_of_infoPress       text19       00348C
__end_of_infoTemp        text18       003428
__end_of_instrucaoLCD    text17       002DE2
__end_of_kpDebounce      text39       0029F6
__end_of_kpInit          text15       003908
__end_of_kpReadKey       text38       0031FC
__end_of_lcdChar         text30       003A1C
__end_of_lcdCommand      text33       003A3A
__end_of_lcdInit         text13       003022
__end_of_lcdNumber       text29       003358
__end_of_lcdNumberUnit   text26       0032E4
__end_of_lcdPosition     text25       003868
__end_of_lcdString       text28       003644
__end_of_main            text0        0025E2
__end_of_pinMode         text53       002294
__end_of_pulseEnablePin  text35       0037B2
__end_of_pushByte        text34       003540
__end_of_pushNibble      text14       0039FE
__end_of_pwmFrequency    text11       0039D8
__end_of_pwmInit         text10       003A54
__end_of_pwmSet          text6        0033C4
__end_of_rgbColor        text22       0030D2
__end_of_rgbInit         text9        0037F0
__end_of_soInit          text16       00382E
__end_of_soWrite         text40       0036E2
__end_of_ssdDigit        text5        003598
__end_of_ssdHeat         text3        001DF8
__end_of_ssdInit         text2        0035EE
__end_of_ssdUpdate       text4        00274E
__end_of_teste           text1        0038A0
__end_of_valor           smallconst   000611
__initialization         cinit        00348C
__mediumconst            mediumconst  000000
__pbssBANK0              bssBANK0     00009C
__pbssCOMRAM             bssCOMRAM    000070
__pcinit                 cinit        00348C
__pcstackBANK0           cstackBANK0  000080
__pcstackCOMRAM          cstackCOMRAM 000001
__pdataBANK0             dataBANK0    0000A8
__pdataCOMRAM            dataCOMRAM   00007E
__pidataBANK0            idataBANK0   003A54
__pidataCOMRAM           idataCOMRAM  003A60
__psmallconst            smallconst   000600
__ptext0                 text0        002448
__ptext1                 text1        003868
__ptext10                text10       003A3A
__ptext11                text11       0039B2
__ptext12                text12       0029F6
__ptext13                text13       002F6E
__ptext14                text14       0039D8
__ptext15                text15       0038D6
__ptext16                text16       0037F0
__ptext17                text17       002D0C
__ptext18                text18       0033C4
__ptext19                text19       003428
__ptext2                 text2        003598
__ptext20                text20       0038A0
__ptext21                text21       001846
__ptext22                text22       003022
__ptext23                text23       002C08
__ptext24                text24       002DE2
__ptext25                text25       00382E
__ptext26                text26       003270
__ptext27                text27       0006B8
__ptext28                text28       0035EE
__ptext29                text29       0032E4
__ptext3                 text3        001B66
__ptext30                text30       0039FE
__ptext31                text31       0030D2
__ptext32                text32       002EAA
__ptext33                text33       003A1C
__ptext34                text34       0034E6
__ptext35                text35       003770
__ptext36                text36       003A62
__ptext37                text37       003908
__ptext38                text38       003182
__ptext39                text39       0028B8
__ptext4                 text4        0025E2
__ptext40                text40       003694
__ptext41                text41       003938
__ptext42                text42       003962
__ptext43                text43       001DF8
__ptext44                text44       00274E
__ptext45                text45       003644
__ptext46                text46       002294
__ptext47                text47       002B02
__ptext48                text48       00372A
__ptext49                text49       000BC2
__ptext5                 text5        003540
__ptext50                text50       001082
__ptext51                text51       0014AC
__ptext52                text52       0036E2
__ptext53                text53       002046
__ptext6                 text6        003358
__ptext7                 text7        00398C
__ptext8                 text8        0031FC
__ptext9                 text9        0037B2
__ramtop                 ramtop       000600
__size_of_PulseClockData (abs)        000000
__size_of_PulseEnClock   (abs)        000000
__size_of___aldiv        (abs)        000000
__size_of___awdiv        (abs)        000000
__size_of___awmod        (abs)        000000
__size_of___fladd        (abs)        000000
__size_of___fldiv        (abs)        000000
__size_of___flge         (abs)        000000
__size_of___flmul        (abs)        000000
__size_of___flsub        (abs)        000000
__size_of___fltol        (abs)        000000
__size_of___lwdiv        (abs)        000000
__size_of___wmul         (abs)        000000
__size_of___xxtofl       (abs)        000000
__size_of_adcInit        (abs)        000000
__size_of_adcRead        (abs)        000000
__size_of_comandos       (abs)        000000
__size_of_configuraPSI   (abs)        000000
__size_of_delayMicro     (abs)        000000
__size_of_delayMili      (abs)        000000
__size_of_digitalRead    (abs)        000000
__size_of_digitalWrite   (abs)        000000
__size_of_infoGeral      (abs)        000000
__size_of_infoIndividual (abs)        000000
__size_of_infoPress      (abs)        000000
__size_of_infoTemp       (abs)        000000
__size_of_instrucaoLCD   (abs)        000000
__size_of_kpDebounce     (abs)        000000
__size_of_kpInit         (abs)        000000
__size_of_kpReadKey      (abs)        000000
__size_of_lcdChar        (abs)        000000
__size_of_lcdCommand     (abs)        000000
__size_of_lcdInit        (abs)        000000
__size_of_lcdNumber      (abs)        000000
__size_of_lcdNumberUnit  (abs)        000000
__size_of_lcdPosition    (abs)        000000
__size_of_lcdString      (abs)        000000
__size_of_main           (abs)        000000
__size_of_pinMode        (abs)        000000
__size_of_pulseEnablePin (abs)        000000
__size_of_pushByte       (abs)        000000
__size_of_pushNibble     (abs)        000000
__size_of_pwmFrequency   (abs)        000000
__size_of_pwmInit        (abs)        000000
__size_of_pwmSet         (abs)        000000
__size_of_rgbColor       (abs)        000000
__size_of_rgbInit        (abs)        000000
__size_of_soInit         (abs)        000000
__size_of_soWrite        (abs)        000000
__size_of_ssdDigit       (abs)        000000
__size_of_ssdHeat        (abs)        000000
__size_of_ssdInit        (abs)        000000
__size_of_ssdUpdate      (abs)        000000
__size_of_teste          (abs)        000000
__smallconst             smallconst   000600
_adcInit                 text52       0036E2
_adcRead                 text45       003644
_b2                      bssCOMRAM    00007A
_block                   bssCOMRAM    000079
_buff                    bssCOMRAM    00007B
_charKey                 smallconst   000611
_comandos                text27       0006B8
_comandos$192            cstackBANK0  000080
_comandos$193            cstackBANK0  000082
_comandos$196            cstackBANK0  000084
_comandos$197            cstackBANK0  000086
_conf                    dataCOMRAM   00007F
_configuraPSI            text24       002DE2
_delayMicro              text36       003A62
_delayMili               text37       003908
_digitalRead             text44       00274E
_digitalWrite            text43       001DF8
_display                 bssCOMRAM    000074
_infoGeral               text20       0038A0
_infoIndividual          text21       001846
_infoPress               text19       003428
_infoTemp                text18       0033C4
_instrucaoLCD            text17       002D0C
_keys                    bssBANK0     0000A0
_kpDebounce              text39       0028B8
_kpInit                  text15       0038D6
_kpReadKey               text38       003182
_lcdChar                 text30       0039FE
_lcdCommand              text33       003A1C
_lcdInit                 text13       002F6E
_lcdNumber               text29       0032E4
_lcdNumberUnit           text26       003270
_lcdPosition             text25       00382E
_lcdString               text28       0035EE
_main                    text0        002448
_num                     bssCOMRAM    00007C
_p                       dataBANK0    0000B0
_pC                      dataBANK0    0000AC
_pG                      bssCOMRAM    000078
_pinMode                 text53       002046
_pot                     bssBANK0     0000A6
_pot1                    bssBANK0     0000A4
_prt                     dataCOMRAM   00007E
_pulseEnablePin          text35       003770
_pushByte                text34       0034E6
_pushNibble              text14       0039D8
_pwmFrequency            text11       0039B2
_pwmInit                 text10       003A3A
_pwmSet                  text6        003358
_rgbColor                text22       003022
_rgbInit                 text9        0037B2
_soInit                  text16       0037F0
_soWrite                 text40       003694
_ssdDigit                text5        003540
_ssdHeat                 text3        001B66
_ssdInit                 text2        003598
_ssdUpdate               text4        0025E2
_tblock                  bssCOMRAM    000076
_tecla                   bssCOMRAM    00007D
_teste                   text1        003868
_tol                     bssBANK0     0000A2
_tp                      dataBANK0    0000A8
_tpG                     bssCOMRAM    000077
_v0                      bssCOMRAM    000073
_v1                      bssCOMRAM    000072
_v2                      bssCOMRAM    000071
_v3                      bssCOMRAM    000070
_valor                   smallconst   000601
adcRead@ADvalor          cstackCOMRAM 000003
adcRead@channel          cstackCOMRAM 000001
comandos@i               cstackBANK0  000088
comandos@i_188           cstackBANK0  00008C
comandos@i_190           cstackBANK0  000090
comandos@i_194           cstackBANK0  000094
comandos@i_198           cstackBANK0  000098
comandos@j               cstackBANK0  00008A
comandos@j_189           cstackBANK0  00008E
comandos@j_191           cstackBANK0  000092
comandos@j_195           cstackBANK0  000096
comandos@j_199           cstackBANK0  00009A
delayMicro@a             cstackCOMRAM 000001
delayMili@a              cstackCOMRAM 000001
delayMili@i              cstackCOMRAM 000004
digitalRead@pin          cstackCOMRAM 000001
digitalWrite@pin         cstackCOMRAM 000001
digitalWrite@value       cstackCOMRAM 000003
end_of_initialization    cinit        0034DC
instrucaoLCD@i           cstackCOMRAM 000015
instrucaoLCD@j           cstackCOMRAM 000017
intlevel0                text         000000
intlevel1                text         000000
intlevel2                text         000000
intlevel3                text         000000
isa$std                  (abs)        000001
isa$xinst                (abs)        000000
kpDebounce@i             cstackCOMRAM 00000D
kpDebounce@newRead       bssBANK0     00009E
kpDebounce@oldRead       bssBANK0     00009C
kpDebounce@tempo         bssCOMRAM    000075
kpReadKey@i              cstackCOMRAM 000004
lcdChar@value            cstackCOMRAM 00000E
lcdCommand@value         cstackCOMRAM 00000E
lcdNumber@i              cstackCOMRAM 000065
lcdNumber@value          cstackCOMRAM 000063
lcdNumberUnit@i          cstackCOMRAM 000011
lcdNumberUnit@value      cstackCOMRAM 00000F
lcdPosition@col          cstackCOMRAM 000011
lcdPosition@line         cstackCOMRAM 00000F
lcdString@i              cstackCOMRAM 000013
lcdString@msg            cstackCOMRAM 00000F
main@i                   cstackCOMRAM 00006C
main@j                   cstackCOMRAM 00006E
pinMode@pin              cstackCOMRAM 000001
pinMode@type             cstackCOMRAM 000003
pushByte@rs              cstackCOMRAM 00000A
pushByte@value           cstackCOMRAM 00000D
pushNibble@rs            cstackCOMRAM 00000A
pushNibble@value         cstackCOMRAM 00000C
pwmFrequency@freq        cstackCOMRAM 00000F
pwmSet@porcento          cstackCOMRAM 00000A
pwmSet@val               cstackCOMRAM 00000B
rgbColor@led             cstackCOMRAM 000007
soWrite@i                cstackCOMRAM 000009
soWrite@value            cstackCOMRAM 000007
ssdDigit@pos             cstackCOMRAM 000001
ssdDigit@val             cstackCOMRAM 000002
ssdHeat@i                cstackCOMRAM 000064
ssdHeat@i_220            cstackCOMRAM 000068
ssdHeat@j                cstackCOMRAM 000066
ssdHeat@j_221            cstackCOMRAM 00006A
stackhi                  (abs)        0005FF
stacklo                  (abs)        0000B4
start                    init         000000
start_initialization     cinit        00348C


MODULE INFORMATION

Module		Function		Class		Link	Load	Size
ssd.c
		_ssdInit       		CODE           	3598	0000	86
		_ssdDigit      		CODE           	3540	0000	88
		_ssdUpdate     		CODE           	25E2	0000	364

ssd.c estimated size: 538

C:\Program Files\Microchip\xc8\v2.32\pic\sources\c99\common\awdiv.c
		___awdiv       		CODE           	2EAA	0000	196

C:\Program Files\Microchip\xc8\v2.32\pic\sources\c99\common\awdiv.c estimated size: 196

C:\Program Files\Microchip\xc8\v2.32\pic\sources\c99\common\sprcadd.c
		___flsub       		CODE           	372A	0000	70
		___fladd       		CODE           	0BC2	0000	1216

C:\Program Files\Microchip\xc8\v2.32\pic\sources\c99\common\sprcadd.c estimated size: 1286

C:\Program Files\Microchip\xc8\v2.32\pic\sources\c99\common\aldiv.c
		___aldiv       		CODE           	29F6	0000	268

C:\Program Files\Microchip\xc8\v2.32\pic\sources\c99\common\aldiv.c estimated size: 268

keypad.c
		_kpInit        		CODE           	38D6	0000	50
		_kpReadKey     		CODE           	3182	0000	122
		_kpDebounce    		CODE           	28B8	0000	318

keypad.c estimated size: 490

so.c
		_soInit        		CODE           	37F0	0000	62
		_soWrite       		CODE           	3694	0000	78
		_PulseEnClock  		CODE           	3938	0000	42
		_PulseClockData		CODE           	3962	0000	42

so.c estimated size: 224

io.c
		_digitalRead   		CODE           	274E	0000	362
		_digitalWrite  		CODE           	1DF8	0000	590
		_pinMode       		CODE           	2046	0000	590

io.c estimated size: 1542

pwm.c
		_pwmInit       		CODE           	3A3A	0000	26
		_pwmFrequency  		CODE           	39B2	0000	38
		_pwmSet        		CODE           	3358	0000	108

pwm.c estimated size: 172

C:\Program Files\Microchip\xc8\v2.32\pic\sources\c99\common\Umul16.c
		___wmul        		CODE           	398C	0000	38

C:\Program Files\Microchip\xc8\v2.32\pic\sources\c99\common\Umul16.c estimated size: 38

adc.c
		_adcRead       		CODE           	3644	0000	80
		_adcInit       		CODE           	36E2	0000	72

adc.c estimated size: 152

rgb.c
		_rgbColor      		CODE           	3022	0000	176
		_rgbInit       		CODE           	37B2	0000	62

rgb.c estimated size: 238

shared
		_valor         		SMALLCONST     	0601	0000	16
		_charKey       		SMALLCONST     	0611	0000	10
		__initialization		CODE           	348C	0000	80

shared estimated size: 106

C:\Program Files\Microchip\xc8\v2.32\pic\sources\c99\common\sprcmul.c
		___flmul       		CODE           	1082	0000	1066

C:\Program Files\Microchip\xc8\v2.32\pic\sources\c99\common\sprcmul.c estimated size: 1066

C:\Program Files\Microchip\xc8\v2.32\pic\sources\c99\common\awmod.c
		___awmod       		CODE           	30D2	0000	176

C:\Program Files\Microchip\xc8\v2.32\pic\sources\c99\common\awmod.c estimated size: 176

C:\Program Files\Microchip\xc8\v2.32\pic\sources\c99\common\sprcdiv.c
		___fldiv       		CODE           	14AC	0000	922

C:\Program Files\Microchip\xc8\v2.32\pic\sources\c99\common\sprcdiv.c estimated size: 922

C:\Program Files\Microchip\xc8\v2.32\pic\sources\c99\common\lwdiv.c
		___lwdiv       		CODE           	31FC	0000	116

C:\Program Files\Microchip\xc8\v2.32\pic\sources\c99\common\lwdiv.c estimated size: 116

lcd.c
		_lcdCommand    		CODE           	3A1C	0000	30
		_lcdChar       		CODE           	39FE	0000	30
		_lcdString     		CODE           	35EE	0000	86
		_pulseEnablePin		CODE           	3770	0000	66
		_lcdNumber     		CODE           	32E4	0000	116
		_pushByte      		CODE           	34E6	0000	90
		_lcdPosition   		CODE           	382E	0000	58
		_lcdNumberUnit 		CODE           	3270	0000	116
		_pushNibble    		CODE           	39D8	0000	38
		_lcdInit       		CODE           	2F6E	0000	180
		_delayMili     		CODE           	3908	0000	48
		_delayMicro    		CODE           	3A62	0000	2

lcd.c estimated size: 860

C:\Program Files\Microchip\xc8\v2.32\pic\sources\c99\common\fltol.c
		___fltol       		CODE           	2B02	0000	262

C:\Program Files\Microchip\xc8\v2.32\pic\sources\c99\common\fltol.c estimated size: 262

C:\Program Files\Microchip\xc8\v2.32\pic\sources\c99\common\xxtofl.c
		___xxtofl      		CODE           	2294	0000	436

C:\Program Files\Microchip\xc8\v2.32\pic\sources\c99\common\xxtofl.c estimated size: 436

main.c
		_configuraPSI  		CODE           	2DE2	0000	200
		_comandos      		CODE           	06B8	0000	1290
		_main          		CODE           	2448	0000	410
		_instrucaoLCD  		CODE           	2D0C	0000	214
		_infoTemp      		CODE           	33C4	0000	100
		_teste         		CODE           	3868	0000	56
		_ssdHeat       		CODE           	1B66	0000	658
		_infoGeral     		CODE           	38A0	0000	54
		_infoPress     		CODE           	3428	0000	100
		_infoIndividual		CODE           	1846	0000	800

main.c estimated size: 3882

C:\Program Files\Microchip\xc8\v2.32\pic\sources\c99\common\flge.c
		___flge        		CODE           	2C08	0000	260

C:\Program Files\Microchip\xc8\v2.32\pic\sources\c99\common\flge.c estimated size: 260

